python : 2026-04-21 15:36:43,329 | numexpr.utils | INFO | NumExpr defaulting 
to 12 threads.
At line:1 char:59
+ ... sapp-RAG" ; python test_agent_local.py 2>&1 > test_output.txt ; cat t ...
+                 ~~~~~~~~~~~~~~~~~~~~~~~~~~~~~~~~~~~~~~~~~~~~~~~~~
    + CategoryInfo          : NotSpecified: (2026-04-21 15:3... to 12 threads. 
   :String) [], RemoteException
    + FullyQualifiedErrorId : NativeCommandError
 
2026-04-21 15:36:44,165 | app.services.agent.langgraph_agent | INFO | \u2705 
Round-robin Gemini initialized with 4 API keys
2026-04-21 15:36:44,396 | httpcore.connection | DEBUG | connect_tcp.started 
host='0bcd0520-1695-44ff-a75d-385be9e283c7.europe-west3-0.gcp.cloud.qdrant.io' 
port=6333 local_address=None timeout=5 socket_options=None
2026-04-21 15:36:44,537 | httpcore.connection | DEBUG | connect_tcp.complete 
return_value=<httpcore._backends.sync.SyncStream object at 0x000002436E502BA0>
2026-04-21 15:36:44,537 | httpcore.connection | DEBUG | start_tls.started 
ssl_context=<ssl.SSLContext object at 0x000002436E4F6990> server_hostname='0bcd
0520-1695-44ff-a75d-385be9e283c7.europe-west3-0.gcp.cloud.qdrant.io' timeout=5
2026-04-21 15:36:44,695 | httpcore.connection | DEBUG | start_tls.complete 
return_value=<httpcore._backends.sync.SyncStream object at 0x000002436E4EA850>
2026-04-21 15:36:44,696 | httpcore.http11 | DEBUG | 
send_request_headers.started request=<Request [b'GET']>
2026-04-21 15:36:44,696 | httpcore.http11 | DEBUG | 
send_request_headers.complete
2026-04-21 15:36:44,696 | httpcore.http11 | DEBUG | send_request_body.started 
request=<Request [b'GET']>
2026-04-21 15:36:44,696 | httpcore.http11 | DEBUG | send_request_body.complete
2026-04-21 15:36:44,696 | httpcore.http11 | DEBUG | 
receive_response_headers.started request=<Request [b'GET']>
2026-04-21 15:36:44,737 | app.services.agent.langgraph_agent | INFO | \u2705 
MemorySaver checkpointer initialized (conversation memory enabled)
2026-04-21 15:36:44,748 | app.services.agent.langgraph_agent | INFO | \u2705 
LangGraph agent compiled successfully


Traceback (most recent call last):
  File "A:\internships\interview 
prep\puch-ai\whatsapp-RAG\test_agent_local.py", line 135, in <module>
    print("\u2554" + "="*78 + "\u2557")
    ~~~~~^^^^^^^^^^^^^^^^^^^^
  File "C:\Users\anshp\Anaconda3\Lib\encodings\cp1252.py", line 19, in encode
    return codecs.charmap_encode(input,self.errors,encoding_table)[0]
           ~~~~~~~~~~~~~~~~~~~~~^^^^^^^^^^^^^^^^^^^^^^^^^^^^^^^^^^
UnicodeEncodeError: 'charmap' codec can't encode character '\u2554' in 
position 0: character maps to <undefined>
